
/home/runner/work/exp-formwork-for-wall-iitd/exp-formwork-for-wall-iitd/experiment/simulation/final_styling/fix_styling.js
  17:5  warning  '$' is not defined  no-undef
  81:7  warning  '$' is not defined  no-undef
  85:7  warning  '$' is not defined  no-undef
  86:7  warning  '$' is not defined  no-undef
  93:1  warning  '$' is not defined  no-undef

/home/runner/work/exp-formwork-for-wall-iitd/exp-formwork-for-wall-iitd/experiment/simulation/js/anime.min.js
  8:69    warning  'module' is not defined                                                    no-undef
  8:115   warning  'define' is not defined                                                    no-undef
  8:126   warning  'define' is not defined                                                    no-undef
  8:913   warning  Do not access Object.prototype method 'hasOwnProperty' from target object  no-prototype-builtins
  8:1477  warning  Do not access Object.prototype method 'hasOwnProperty' from target object  no-prototype-builtins
  8:1499  warning  Do not access Object.prototype method 'hasOwnProperty' from target object  no-prototype-builtins
  8:4944  warning  Do not access Object.prototype method 'hasOwnProperty' from target object  no-prototype-builtins
  8:5090  warning  Expected a conditional expression and instead saw an assignment            no-cond-assign
  8:6945  warning  Expected a conditional expression and instead saw an assignment            no-cond-assign

/home/runner/work/exp-formwork-for-wall-iitd/exp-formwork-for-wall-iitd/experiment/simulation/js/jquery.min.js
  2:71     warning  'module' is not defined                                                    no-undef
  2:86     warning  'module' is not defined                                                    no-undef
  2:3270   warning  Expected a conditional expression and instead saw an assignment            no-cond-assign
  2:4597   warning  Unexpected control character(s) in regular expression: \x1f                no-control-regex
  2:6820   warning  Expected a conditional expression and instead saw an assignment            no-cond-assign
  2:7258   warning  Expected a conditional expression and instead saw an assignment            no-cond-assign
  2:9646   warning  Expected a conditional expression and instead saw an assignment            no-cond-assign
  2:11943  warning  Expected a conditional expression and instead saw an assignment            no-cond-assign
  2:13856  warning  Expected a conditional expression and instead saw an assignment            no-cond-assign
  2:14066  warning  Expected a conditional expression and instead saw an assignment            no-cond-assign
  2:14224  warning  Expected a conditional expression and instead saw an assignment            no-cond-assign
  2:14540  warning  Do not access Object.prototype method 'hasOwnProperty' from target object  no-prototype-builtins
  2:15232  warning  Expected a conditional expression and instead saw an assignment            no-cond-assign
  2:15588  warning  Empty block statement                                                      no-empty
  2:17443  warning  Expected a conditional expression and instead saw an assignment            no-cond-assign
  2:17541  warning  Expected a conditional expression and instead saw an assignment            no-cond-assign
  2:17601  warning  Expected a conditional expression and instead saw an assignment            no-cond-assign
  2:17728  warning  Expected a conditional expression and instead saw an assignment            no-cond-assign
  2:18898  warning  Expected a conditional expression and instead saw an assignment            no-cond-assign
  2:19630  warning  Expected a conditional expression and instead saw an assignment            no-cond-assign
  2:19743  warning  Expected a conditional expression and instead saw an assignment            no-cond-assign
  2:21298  warning  Unnecessary escape character: \/                                           no-useless-escape
  2:31055  warning  Empty block statement                                                      no-empty
  2:34816  warning  Unnecessary escape character: \/                                           no-useless-escape
  2:36474  warning  Expected a conditional expression and instead saw an assignment            no-cond-assign
  2:36590  warning  Expected a conditional expression and instead saw an assignment            no-cond-assign
  2:43519  warning  Expected a conditional expression and instead saw an assignment            no-cond-assign
  2:47142  warning  Expected a conditional expression and instead saw an assignment            no-cond-assign
  2:48710  warning  Empty block statement                                                      no-empty
  2:57439  warning  Expected a conditional expression and instead saw an assignment            no-cond-assign
  2:58614  warning  Expected a conditional expression and instead saw an assignment            no-cond-assign
  2:64312  warning  Expected a conditional expression and instead saw an assignment            no-cond-assign
  2:67209  warning  Expected a conditional expression and instead saw an assignment            no-cond-assign
  2:68903  warning  Empty block statement                                                      no-empty
  2:72295  warning  Expected a conditional expression and instead saw an assignment            no-cond-assign
  2:73901  warning  Expected a conditional expression and instead saw an assignment            no-cond-assign
  2:74681  warning  'r.href' is assigned to itself                                             no-self-assign
  2:79557  warning  Empty block statement                                                      no-empty
  2:82697  warning  Expected a conditional expression and instead saw an assignment            no-cond-assign
  2:87218  warning  'define' is not defined                                                    no-undef
  2:87230  warning  'define' is not defined                                                    no-undef

/home/runner/work/exp-formwork-for-wall-iitd/exp-formwork-for-wall-iitd/experiment/simulation/js/layout.js
   9:10  warning  'nextDrawerItem' is defined but never used  no-unused-vars
  18:3   warning  'get' is not defined                        no-undef
  21:10  warning  'backDrawerItem' is defined but never used  no-unused-vars
  97:7   warning  'anime' is not defined                      no-undef

/home/runner/work/exp-formwork-for-wall-iitd/exp-formwork-for-wall-iitd/experiment/simulation/js/main.js
   171:7   warning  'ChartGraph' is assigned a value but never used                no-unused-vars
   175:6   warning  'Graph1' is not defined                                        no-undef
   179:6   warning  'Graph2' is not defined                                        no-undef
   183:6   warning  'Graph3' is not defined                                        no-undef
   187:6   warning  'Graph4' is not defined                                        no-undef
   203:23  warning  'Chart' is not defined                                         no-undef
   237:5   warning  'isPerformNext' is assigned a value but never used             no-unused-vars
   283:7   warning  'opacity' is assigned a value but never used                   no-unused-vars
   289:7   warning  'hideAll' is assigned a value but never used                   no-unused-vars
   289:28  warning  'disp' is assigned a value but never used                      no-unused-vars
   295:7   warning  'showAll' is assigned a value but never used                   no-unused-vars
   295:28  warning  'disp' is assigned a value but never used                      no-unused-vars
   302:7   warning  'set' is assigned a value but never used                       no-unused-vars
   326:34  warning  'anime' is not defined                                         no-undef
   336:29  warning  'speed' is assigned a value but never used                     no-unused-vars
   350:15  warning  'Typed' is not defined                                         no-undef
   352:22  warning  'anime' is not defined                                         no-undef
   370:19  warning  'src' is not defined                                           no-undef
   491:17  warning  'anime' is not defined                                         no-undef
   645:10  warning  'cursorPointer' is defined but never used                      no-unused-vars
   844:10  warning  'i' is not defined                                             no-undef
   845:18  warning  'i' is not defined                                             no-undef
   847:10  warning  'i' is not defined                                             no-undef
   848:11  warning  'i' is not defined                                             no-undef
   848:28  warning  'i' is not defined                                             no-undef
   848:48  warning  'i' is not defined                                             no-undef
   851:25  warning  'i' is not defined                                             no-undef
   920:6   warning  'intro' is not defined                                         no-undef
   954:18  warning  'anime' is not defined                                         no-undef
   976:34  warning  'Typed' is not defined                                         no-undef
  1013:6   warning  'objective' is not defined                                     no-undef
  1028:21  warning  'anime' is not defined                                         no-undef
  1037:6   warning  'step1' is not defined                                         no-undef
  1076:23  warning  'anime' is not defined                                         no-undef
  1189:6   warning  'step2' is not defined                                         no-undef
  1236:27  warning  'anime' is not defined                                         no-undef
  1249:27  warning  'anime' is not defined                                         no-undef
  1269:27  warning  'anime' is not defined                                         no-undef
  1313:27  warning  'anime' is not defined                                         no-undef
  1371:6   warning  'step3' is not defined                                         no-undef
  1391:25  warning  'anime' is not defined                                         no-undef
  1430:23  warning  'anime' is not defined                                         no-undef
  1449:23  warning  'anime' is not defined                                         no-undef
  1553:6   warning  'step4' is not defined                                         no-undef
  1620:23  warning  'anime' is not defined                                         no-undef
  1686:27  warning  'anime' is not defined                                         no-undef
  1707:27  warning  'anime' is not defined                                         no-undef
  1733:27  warning  'anime' is not defined                                         no-undef
  1758:27  warning  'anime' is not defined                                         no-undef
  1799:6   warning  'step5' is not defined                                         no-undef
  1854:23  warning  'anime' is not defined                                         no-undef
  1908:23  warning  'anime' is not defined                                         no-undef
  1932:23  warning  'anime' is not defined                                         no-undef
  1946:23  warning  'anime' is not defined                                         no-undef
  1964:29  warning  'anime' is not defined                                         no-undef
  1995:6   warning  'step6' is not defined                                         no-undef
  2044:27  warning  'anime' is not defined                                         no-undef
  2058:27  warning  'anime' is not defined                                         no-undef
  2070:27  warning  'anime' is not defined                                         no-undef
  2082:27  warning  'anime' is not defined                                         no-undef
  2094:27  warning  'anime' is not defined                                         no-undef
  2106:27  warning  'anime' is not defined                                         no-undef
  2124:27  warning  'anime' is not defined                                         no-undef
  2166:27  warning  'anime' is not defined                                         no-undef
  2199:27  warning  'anime' is not defined                                         no-undef
  2229:33  warning  'anime' is not defined                                         no-undef
  2245:25  warning  'anime' is not defined                                         no-undef
  2273:6   warning  'step7' is not defined                                         no-undef
  2308:25  warning  'anime' is not defined                                         no-undef
  2331:23  warning  'anime' is not defined                                         no-undef
  2354:23  warning  'anime' is not defined                                         no-undef
  2602:6   warning  'step8' is not defined                                         no-undef
  2665:13  warning  'beforeAfterRotationAnime' is assigned a value but never used  no-unused-vars
  2666:23  warning  'anime' is not defined                                         no-undef
  2712:27  warning  'anime' is not defined                                         no-undef
  2733:27  warning  'anime' is not defined                                         no-undef
  2759:27  warning  'anime' is not defined                                         no-undef
  2787:27  warning  'anime' is not defined                                         no-undef
  2833:6   warning  'step9' is not defined                                         no-undef
  2888:23  warning  'anime' is not defined                                         no-undef
  2947:27  warning  'anime' is not defined                                         no-undef
  2971:27  warning  'anime' is not defined                                         no-undef
  3001:27  warning  'anime' is not defined                                         no-undef
  3015:27  warning  'anime' is not defined                                         no-undef
  3035:27  warning  'anime' is not defined                                         no-undef
  3060:27  warning  'anime' is not defined                                         no-undef
  3104:21  warning  'anime' is not defined                                         no-undef
  3113:6   warning  'step10' is not defined                                        no-undef
  3144:23  warning  'anime' is not defined                                         no-undef
  3163:23  warning  'anime' is not defined                                         no-undef
  3181:23  warning  'anime' is not defined                                         no-undef
  3211:21  warning  'anime' is not defined                                         no-undef
  3450:6   warning  'completed' is not defined                                     no-undef
  3496:7   warning  'backDrawerItem' is not defined                                no-undef
  3497:7   warning  'backProgressBar' is not defined                               no-undef
  3513:9   warning  'nextDrawerItem' is not defined                                no-undef
  3514:9   warning  'nextProgressBar' is not defined                               no-undef
  3517:12  warning  Empty block statement                                          no-empty

/home/runner/work/exp-formwork-for-wall-iitd/exp-formwork-for-wall-iitd/experiment/simulation/js/progressBar.js
   2:7  warning  'prevBtns' is assigned a value but never used         no-unused-vars
   3:7  warning  'nextBtns' is assigned a value but never used         no-unused-vars
  11:7  warning  'nextProgressBar' is assigned a value but never used  no-unused-vars
  18:7  warning  'backProgressBar' is assigned a value but never used  no-unused-vars

✖ 161 problems (0 errors, 161 warnings)

